BEGIN
# migration under test: ../migrations/0199_line_oa_restrict_definer_execute.sql
CREATE EXTENSION
1..27
CREATE TABLE
INSERT 0 20
CREATE FUNCTION
CREATE FUNCTION
CREATE FUNCTION
ok 1 - scope guard: the twenty identities exist and already match the matrix (0199 applied)
SAVEPOINT
CREATE ROLE
GRANT
GRANT ROLE
GRANT
SAVEPOINT
psql:supabase/migrations/0199_line_oa_restrict_definer_execute.sql:115: ERROR:  B12: EXECUTE matrix not met after revoke: anon:fn_prod_curated(uuid,text,jsonb) want f
CONTEXT:  PL/pgSQL function inline_code_block line 81 at RAISE
ROLLBACK
ROLLBACK
RELEASE
ok 2 - case A precondition: anon can execute fn_prod_curated only through role membership, and holds a direct EXECUTE on rpc_sync_line_forecast
ok 3 - case A: the migration raises SQLSTATE 42501 when an inherited EXECUTE survives
ok 4 - case A: the message starts with "B12: EXECUTE matrix not met after revoke" and names anon:fn_prod_curated
ok 5 - case A: after the error and the case savepoint rollback, every function ACL and membership equals the pre-state
ok 6 - case A: after the savepoint rollback the direct anon EXECUTE on rpc_sync_line_forecast is present again
SAVEPOINT
CREATE ROLE
GRANT ROLE
GRANT
GRANT
SET
GRANT
RESET
GRANT
SAVEPOINT
psql:supabase/migrations/0199_line_oa_restrict_definer_execute.sql:115: ERROR:  B12: EXECUTE matrix not met after revoke: authenticated:fn_line_handle_group_event(jsonb,text,text) want f
CONTEXT:  PL/pgSQL function inline_code_block line 81 at RAISE
ROLLBACK
ROLLBACK
RELEASE
ok 7 - case B precondition: authenticated holds EXECUTE on fn_line_handle_group_event from another grantor, and anon a direct EXECUTE on rpc_sync_line_forecast
ok 8 - case B: the migration raises SQLSTATE 42501 when another grantor's EXECUTE survives
ok 9 - case B: the message starts with "B12: EXECUTE matrix not met after revoke" and names authenticated:fn_line_handle_group_event
ok 10 - case B: after the error and the case savepoint rollback, every function ACL and membership equals the pre-state
ok 11 - case B: after the savepoint rollback the direct anon EXECUTE on rpc_sync_line_forecast is present again
SAVEPOINT
REVOKE
GRANT
GRANT
SAVEPOINT
psql:supabase/migrations/0199_line_oa_restrict_definer_execute.sql:115: ERROR:  B12: EXECUTE matrix not met after revoke: authenticated:rpc_create_line_order(uuid,jsonb,text,text) want t
CONTEXT:  PL/pgSQL function inline_code_block line 81 at RAISE
ROLLBACK
ROLLBACK
RELEASE
ok 12 - case C precondition: authenticated can execute rpc_create_line_order only through PUBLIC, and anon holds a direct EXECUTE on rpc_sync_line_forecast
ok 13 - case C: the migration raises SQLSTATE 42501 when a kept right would be lost
ok 14 - case C: the message names authenticated:rpc_create_line_order want t, and nothing is granted in its place
ok 15 - case C: after the error and the case savepoint rollback, every function ACL and membership equals the pre-state
ok 16 - case C: after the savepoint rollback the direct anon EXECUTE on rpc_sync_line_forecast is present again
SAVEPOINT
CREATE FUNCTION
GRANT
SAVEPOINT
psql:supabase/migrations/0199_line_oa_restrict_definer_execute.sql:115: ERROR:  B12: unclassified overload: fn_prod_curated(text)
CONTEXT:  PL/pgSQL function inline_code_block line 45 at RAISE
ROLLBACK
ROLLBACK
RELEASE
ok 17 - case D precondition: an extra overload fn_prod_curated(text) exists, and anon holds a direct EXECUTE on rpc_sync_line_forecast
ok 18 - case D: the migration raises SQLSTATE 55000 for an unclassified overload
ok 19 - case D: the message starts with "B12: unclassified overload" and names fn_prod_curated(text)
ok 20 - case D: after the error and the case savepoint rollback, every function ACL and membership equals the pre-state
ok 21 - case D: after the savepoint rollback the direct anon EXECUTE on rpc_sync_line_forecast is present
SAVEPOINT
ALTER FUNCTION
SAVEPOINT
psql:supabase/migrations/0199_line_oa_restrict_definer_execute.sql:115: ERROR:  B12: matrix identity missing: rpc_sync_line_forecast(text,text,text)
CONTEXT:  PL/pgSQL function inline_code_block line 36 at RAISE
ROLLBACK
ROLLBACK
RELEASE
ok 22 - case F precondition: rpc_sync_line_forecast(text,text,text) is renamed away, so one matrix identity is missing
ok 23 - case F: the migration raises SQLSTATE 55000 for a missing matrix identity
ok 24 - case F: the message starts with "B12: matrix identity missing" and names rpc_sync_line_forecast(text,text,text)
ok 25 - case F: after the error and the case savepoint rollback, every function ACL and membership equals the pre-state
SAVEPOINT
GRANT
GRANT
SAVEPOINT
DO
ROLLBACK
RELEASE
ok 26 - case E: with nothing blocking, the migration completes without error
ok 27 - case E: the direct anon EXECUTE and the PUBLIC EXECUTE are revoked and every identity matches the matrix
ROLLBACK
