{
  "evidenceTier": null,
  "workflow": "db-verify",
  "origin": "local",
  "originClaimRejected": null,
  "environment": "local win32 10.0.26200 x64 / database from LINE_DB_TEST_DSN",
  "commit": null,
  "ref": null,
  "runUrl": null,
  "runId": null,
  "timestamp": "2026-09-30T14:41:38.374Z",
  "migrationsApplied": "unknown",
  "pass": false,
  "linePass": true,
  "fullPass": false,
  "missingSuites": [],
  "unexpectedSuites": [],
  "failures": [],
  "pgtap": {
    "suites": [
      {
        "suite": "workflow_db_invariants",
        "file": "workflow_db_invariants.sql",
        "missing": false,
        "pass": true,
        "exitCode": 0,
        "stdout": "tap/workflow_db_invariants.tap",
        "stderr": "tap/workflow_db_invariants.stderr",
        "plan": 11,
        "results": 11,
        "ok": 11,
        "notOk": 0,
        "failures": []
      },
      {
        "suite": "trust_kernel_tenancy",
        "file": "trust_kernel_tenancy.sql",
        "missing": false,
        "pass": true,
        "exitCode": 0,
        "stdout": "tap/trust_kernel_tenancy.tap",
        "stderr": "tap/trust_kernel_tenancy.stderr",
        "plan": 29,
        "results": 29,
        "ok": 29,
        "notOk": 0,
        "failures": []
      },
      {
        "suite": "trust_kernel_governance",
        "file": "trust_kernel_governance.sql",
        "missing": false,
        "pass": true,
        "exitCode": 0,
        "stdout": "tap/trust_kernel_governance.tap",
        "stderr": "tap/trust_kernel_governance.stderr",
        "plan": 27,
        "results": 27,
        "ok": 27,
        "notOk": 0,
        "failures": []
      },
      {
        "suite": "trust_kernel_release",
        "file": "trust_kernel_release.sql",
        "missing": false,
        "pass": true,
        "exitCode": 0,
        "stdout": "tap/trust_kernel_release.tap",
        "stderr": "tap/trust_kernel_release.stderr",
        "plan": 59,
        "results": 59,
        "ok": 59,
        "notOk": 0,
        "failures": []
      },
      {
        "suite": "trust_kernel_bundles",
        "file": "trust_kernel_bundles.sql",
        "missing": false,
        "pass": true,
        "exitCode": 0,
        "stdout": "tap/trust_kernel_bundles.tap",
        "stderr": "tap/trust_kernel_bundles.stderr",
        "plan": 27,
        "results": 27,
        "ok": 27,
        "notOk": 0,
        "failures": []
      },
      {
        "suite": "trust_kernel_containment",
        "file": "trust_kernel_containment.sql",
        "missing": false,
        "pass": true,
        "exitCode": 0,
        "stdout": "tap/trust_kernel_containment.tap",
        "stderr": "tap/trust_kernel_containment.stderr",
        "plan": 16,
        "results": 16,
        "ok": 16,
        "notOk": 0,
        "failures": []
      },
      {
        "suite": "trust_kernel_safety",
        "file": "trust_kernel_safety.sql",
        "missing": false,
        "pass": true,
        "exitCode": 0,
        "stdout": "tap/trust_kernel_safety.tap",
        "stderr": "tap/trust_kernel_safety.stderr",
        "plan": 68,
        "results": 68,
        "ok": 68,
        "notOk": 0,
        "failures": []
      },
      {
        "suite": "repair_phase0_organization",
        "file": "repair_phase0_organization.sql",
        "missing": false,
        "pass": true,
        "exitCode": 0,
        "stdout": "tap/repair_phase0_organization.tap",
        "stderr": "tap/repair_phase0_organization.stderr",
        "plan": 21,
        "results": 21,
        "ok": 21,
        "notOk": 0,
        "failures": []
      },
      {
        "suite": "repair_phase0_containment",
        "file": "repair_phase0_containment.sql",
        "missing": false,
        "pass": false,
        "exitCode": 3,
        "stdout": "tap/repair_phase0_containment.tap",
        "stderr": "tap/repair_phase0_containment.stderr",
        "plan": 8,
        "results": 6,
        "ok": 6,
        "notOk": 0,
        "failures": [
          {
            "code": "incomplete-results",
            "detail": "planned 8, found 6 result(s); missing: 7, 8"
          },
          {
            "code": "nonzero-exit",
            "detail": "psql exited with 3"
          }
        ]
      },
      {
        "suite": "line_outbound_claim_record",
        "file": "line_outbound_claim_record.sql",
        "missing": false,
        "pass": true,
        "exitCode": 0,
        "stdout": "tap/line_outbound_claim_record.tap",
        "stderr": "tap/line_outbound_claim_record.stderr",
        "plan": 107,
        "results": 107,
        "ok": 107,
        "notOk": 0,
        "failures": []
      },
      {
        "suite": "line_oa_client_write_revoke",
        "file": "line_oa_client_write_revoke.sql",
        "missing": false,
        "pass": true,
        "exitCode": 0,
        "stdout": "tap/line_oa_client_write_revoke.tap",
        "stderr": "tap/line_oa_client_write_revoke.stderr",
        "plan": 133,
        "results": 133,
        "ok": 133,
        "notOk": 0,
        "failures": []
      },
      {
        "suite": "line_oa_client_write_revoke_fail_closed",
        "file": "line_oa_client_write_revoke_fail_closed.sql",
        "missing": false,
        "pass": true,
        "exitCode": 0,
        "stdout": "tap/line_oa_client_write_revoke_fail_closed.tap",
        "stderr": "tap/line_oa_client_write_revoke_fail_closed.stderr",
        "plan": 28,
        "results": 28,
        "ok": 28,
        "notOk": 0,
        "failures": []
      }
    ],
    "linePass": true,
    "fullPass": false,
    "missingSuites": [],
    "pass": false
  }
}
