BEGIN
# migration under test: C:/Users/thai3/determined-williams (2)/MONOLITH Repair Intelligence/.worktrees/repair-intelligence-phase0-trust/docs/governance/evidence/line-p010-failclosed-red-2026-09-30/mutant-0198-no-residual-check.sql
CREATE EXTENSION
1..13
CREATE FUNCTION
CREATE FUNCTION
ok 1 - scope guard: 8 tables and anon exist, and anon starts without write privilege (0198 applied)
SAVEPOINT
CREATE ROLE
GRANT
GRANT ROLE
GRANT
SAVEPOINT
DO
ROLLBACK
RELEASE
ok 2 - case A precondition: anon has INSERT on line_oa_orders only through role membership, and a direct INSERT on line_oa_channels
not ok 3 - case A: the migration raises SQLSTATE 42501 when an inherited write privilege survives
# Failed test 3: "case A: the migration raises SQLSTATE 42501 when an inherited write privilege survives"
#         have: 00000
#         want: 42501
not ok 4 - case A: the error message starts with "P0-10: write privileges remain after revoke" and names anon:line_oa_orders
# Failed test 4: "case A: the error message starts with "P0-10: write privileges remain after revoke" and names anon:line_oa_orders"
not ok 5 - case A: after the error every table ACL, column ACL and membership is exactly as before
# Failed test 5: "case A: after the error every table ACL, column ACL and membership is exactly as before"
#         have: line_oa_audit_log={postgres=arwdDxtm/postgres,anon=rxtm/postgres,authenticated=rxtm/postgres,service_role=rxtm/postgres}
# line_oa_channels={postgres=arwdDxtm/postgres,anon=rxtm/postgres,authenticated=rxtm/postgres,service_role=rxtm/postgres}
# line_oa_conversations={postgres=arwdDxtm/postgres,anon=rxtm/postgres,authenticated=rxtm/postgres,service_role=rxtm/postgres}
# line_oa_customer_identity={postgres=arwdDxtm/postgres,anon=rxtm/postgres,authenticated=rxtm/postgres,service_role=rxtm/postgres}
# line_oa_inbound_messages={postgres=arwdDxtm/postgres,anon=rxtm/postgres,authenticated=rxtm/postgres,service_role=rxtm/postgres}
# line_oa_message_templates={postgres=arwdDxtm/postgres,anon=rxtm/postgres,authenticated=rxtm/postgres,service_role=rxtm/postgres}
# line_oa_orders={postgres=arwdDxtm/postgres,anon=rxtm/postgres,authenticated=rxtm/postgres,service_role=rxtm/postgres,p010_fc_writer=aw/postgres}
# line_oa_outbound_messages={postgres=arwdDxtm/postgres,anon=rxtm/postgres,authenticated=rxtm/postgres,service_role=rxtm/postgres}
# pg_monitor>pg_read_all_settings
# pg_monitor>pg_read_all_stats
# pg_monitor>pg_stat_scan_tables
# supabase_etl_admin>pg_read_all_data
# supabase_read_only_user>pg_read_all_data
# authenticator>anon
# authenticator>authenticated
# authenticator>service_role
# supabase_storage_admin>authenticator
# postgres>anon
# postgres>authenticated
# postgres>service_role
# postgres>authenticator
# postgres>pg_monitor
# postgres>pg_read_all_data
# postgres>pg_signal_backend
# supabase_etl_admin>pg_monitor
# supabase_read_only_user>pg_monitor
# postgres>pg_create_subscription
# postgres>supabase_privileged_role
# supabase_etl_admin>supabase_privileged_role
# postgres>monolith_p2_workload
# postgres>p010_fc_writer
# anon>p010_fc_writer
#         want: line_oa_audit_log={postgres=arwdDxtm/postgres,anon=rxtm/postgres,authenticated=rxtm/postgres,service_role=rxtm/postgres}
# line_oa_channels={postgres=arwdDxtm/postgres,anon=arxtm/postgres,authenticated=rxtm/postgres,service_role=rxtm/postgres}
# line_oa_conversations={postgres=arwdDxtm/postgres,anon=rxtm/postgres,authenticated=rxtm/postgres,service_role=rxtm/postgres}
# line_oa_customer_identity={postgres=arwdDxtm/postgres,anon=rxtm/postgres,authenticated=rxtm/postgres,service_role=rxtm/postgres}
# line_oa_inbound_messages={postgres=arwdDxtm/postgres,anon=rxtm/postgres,authenticated=rxtm/postgres,service_role=rxtm/postgres}
# line_oa_message_templates={postgres=arwdDxtm/postgres,anon=rxtm/postgres,authenticated=rxtm/postgres,service_role=rxtm/postgres}
# line_oa_orders={postgres=arwdDxtm/postgres,anon=rxtm/postgres,authenticated=rxtm/postgres,service_role=rxtm/postgres,p010_fc_writer=aw/postgres}
# line_oa_outbound_messages={postgres=arwdDxtm/postgres,anon=rxtm/postgres,authenticated=rxtm/postgres,service_role=rxtm/postgres}
# pg_monitor>pg_read_all_settings
# pg_monitor>pg_read_all_stats
# pg_monitor>pg_stat_scan_tables
# supabase_etl_admin>pg_read_all_data
# supabase_read_only_user>pg_read_all_data
# authenticator>anon
# authenticator>authenticated
# authenticator>service_role
# supabase_storage_admin>authenticator
# postgres>anon
# postgres>authenticated
# postgres>service_role
# postgres>authenticator
# postgres>pg_monitor
# postgres>pg_read_all_data
# postgres>pg_signal_backend
# supabase_etl_admin>pg_monitor
# supabase_read_only_user>pg_monitor
# postgres>pg_create_subscription
# postgres>supabase_privileged_role
# supabase_etl_admin>supabase_privileged_role
# postgres>monolith_p2_workload
# postgres>p010_fc_writer
# anon>p010_fc_writer
not ok 6 - case A: the direct INSERT that 0198 revoked on line_oa_channels is back after the error
# Failed test 6: "case A: the direct INSERT that 0198 revoked on line_oa_channels is back after the error"
SAVEPOINT
CREATE ROLE
GRANT ROLE
GRANT
GRANT
SET
GRANT
RESET
GRANT
SAVEPOINT
DO
ROLLBACK
RELEASE
ok 7 - case B precondition: anon has a direct column UPDATE on line_oa_message_templates.body from another grantor, and a direct INSERT on line_oa_channels
not ok 8 - case B: the migration raises SQLSTATE 42501 when a column-level UPDATE survives
# Failed test 8: "case B: the migration raises SQLSTATE 42501 when a column-level UPDATE survives"
#         have: 00000
#         want: 42501
not ok 9 - case B: the error message starts with "P0-10: write privileges remain after revoke" and names anon:line_oa_message_templates
# Failed test 9: "case B: the error message starts with "P0-10: write privileges remain after revoke" and names anon:line_oa_message_templates"
not ok 10 - case B: after the error every table ACL, column ACL and membership is exactly as before
# Failed test 10: "case B: after the error every table ACL, column ACL and membership is exactly as before"
#         have: line_oa_audit_log={postgres=arwdDxtm/postgres,anon=rxtm/postgres,authenticated=rxtm/postgres,service_role=rxtm/postgres}
# line_oa_channels={postgres=arwdDxtm/postgres,anon=rxtm/postgres,authenticated=rxtm/postgres,service_role=rxtm/postgres}
# line_oa_conversations={postgres=arwdDxtm/postgres,anon=rxtm/postgres,authenticated=rxtm/postgres,service_role=rxtm/postgres}
# line_oa_customer_identity={postgres=arwdDxtm/postgres,anon=rxtm/postgres,authenticated=rxtm/postgres,service_role=rxtm/postgres}
# line_oa_inbound_messages={postgres=arwdDxtm/postgres,anon=rxtm/postgres,authenticated=rxtm/postgres,service_role=rxtm/postgres}
# line_oa_message_templates={postgres=arwdDxtm/postgres,anon=rxtm/postgres,authenticated=rxtm/postgres,service_role=rxtm/postgres}
# line_oa_orders={postgres=arwdDxtm/postgres,anon=rxtm/postgres,authenticated=rxtm/postgres,service_role=rxtm/postgres}
# line_oa_outbound_messages={postgres=arwdDxtm/postgres,anon=rxtm/postgres,authenticated=rxtm/postgres,service_role=rxtm/postgres}
# line_oa_message_templates.body={p010_fc_grantor=w*/postgres,anon=w/p010_fc_grantor}
# pg_monitor>pg_read_all_settings
# pg_monitor>pg_read_all_stats
# pg_monitor>pg_stat_scan_tables
# supabase_etl_admin>pg_read_all_data
# supabase_read_only_user>pg_read_all_data
# authenticator>anon
# authenticator>authenticated
# authenticator>service_role
# supabase_storage_admin>authenticator
# postgres>anon
# postgres>authenticated
# postgres>service_role
# postgres>authenticator
# postgres>pg_monitor
# postgres>pg_read_all_data
# postgres>pg_signal_backend
# supabase_etl_admin>pg_monitor
# supabase_read_only_user>pg_monitor
# postgres>pg_create_subscription
# postgres>supabase_privileged_role
# supabase_etl_admin>supabase_privileged_role
# postgres>monolith_p2_workload
# postgres>p010_fc_grantor
# postgres>p010_fc_grantor
#         want: line_oa_audit_log={postgres=arwdDxtm/postgres,anon=rxtm/postgres,authenticated=rxtm/postgres,service_role=rxtm/postgres}
# line_oa_channels={postgres=arwdDxtm/postgres,anon=arxtm/postgres,authenticated=rxtm/postgres,service_role=rxtm/postgres}
# line_oa_conversations={postgres=arwdDxtm/postgres,anon=rxtm/postgres,authenticated=rxtm/postgres,service_role=rxtm/postgres}
# line_oa_customer_identity={postgres=arwdDxtm/postgres,anon=rxtm/postgres,authenticated=rxtm/postgres,service_role=rxtm/postgres}
# line_oa_inbound_messages={postgres=arwdDxtm/postgres,anon=rxtm/postgres,authenticated=rxtm/postgres,service_role=rxtm/postgres}
# line_oa_message_templates={postgres=arwdDxtm/postgres,anon=rxtm/postgres,authenticated=rxtm/postgres,service_role=rxtm/postgres}
# line_oa_orders={postgres=arwdDxtm/postgres,anon=rxtm/postgres,authenticated=rxtm/postgres,service_role=rxtm/postgres}
# line_oa_outbound_messages={postgres=arwdDxtm/postgres,anon=rxtm/postgres,authenticated=rxtm/postgres,service_role=rxtm/postgres}
# line_oa_message_templates.body={p010_fc_grantor=w*/postgres,anon=w/p010_fc_grantor}
# pg_monitor>pg_read_all_settings
# pg_monitor>pg_read_all_stats
# pg_monitor>pg_stat_scan_tables
# supabase_etl_admin>pg_read_all_data
# supabase_read_only_user>pg_read_all_data
# authenticator>anon
# authenticator>authenticated
# authenticator>service_role
# supabase_storage_admin>authenticator
# postgres>anon
# postgres>authenticated
# postgres>service_role
# postgres>authenticator
# postgres>pg_monitor
# postgres>pg_read_all_data
# postgres>pg_signal_backend
# supabase_etl_admin>pg_monitor
# supabase_read_only_user>pg_monitor
# postgres>pg_create_subscription
# postgres>supabase_privileged_role
# supabase_etl_admin>supabase_privileged_role
# postgres>monolith_p2_workload
# postgres>p010_fc_grantor
# postgres>p010_fc_grantor
not ok 11 - case B: the direct INSERT that 0198 revoked on line_oa_channels is back after the error
# Failed test 11: "case B: the direct INSERT that 0198 revoked on line_oa_channels is back after the error"
SAVEPOINT
GRANT
GRANT
SAVEPOINT
DO
ROLLBACK
RELEASE
ok 12 - case C: with no surviving privilege the migration completes without error
ok 13 - case C: the direct INSERT and the owner-granted column UPDATE are revoked and anon holds no write privilege
# Looks like you failed 8 tests of 13
ROLLBACK
