BEGIN
# migration under test: ../migrations/0200_line_inbound_handler_retry.sql
CREATE EXTENSION
1..48
CREATE FUNCTION
CREATE FUNCTION
CREATE FUNCTION
CREATE FUNCTION
CREATE FUNCTION
CREATE FUNCTION
CREATE FUNCTION
CREATE FUNCTION
CREATE FUNCTION
CREATE FUNCTION
CREATE FUNCTION
CREATE FUNCTION
CREATE FUNCTION
CREATE FUNCTION
45a7c2e7-81a6-4c23-89b5-71cd2caf04d6
INSERT 0 1
CREATE SEQUENCE
1
CREATE FUNCTION
CREATE FUNCTION
CREATE TRIGGER
CREATE TRIGGER
CREATE TABLE
C-P009-G1
INSERT 0 1
not ok 1 - a handler failure is not counted as processed (nor as duplicate or skipped)
# Failed test 1: "a handler failure is not counted as processed (nor as duplicate or skipped)"
#         have: {"ok": true, "value": {"reason": "accepted", "accepted": true, "events_skipped": 0, "events_duplicate": 0, "events_processed": 1}}
#         want: {"ok": true, "value": {"reason": "accepted", "accepted": true, "events_skipped": 0, "events_duplicate": 0, "events_processed": 0}}
not ok 2 - a failed event leaves no inbound row, so a LINE redelivery is not swallowed by dedupe
# Failed test 2: "a failed event leaves no inbound row, so a LINE redelivery is not swallowed by dedupe"
not ok 3 - a failed event writes no group_event success audit
# Failed test 3: "a failed event writes no group_event success audit"
not ok 4 - the failed event enters the internal retry queue: pending, attempt 1, due after 1 s
# Failed test 4: "the failed event enters the internal retry queue: pending, attempt 1, due after 1 s"
#         have: error 42P01: relation "public.line_oa_inbound_retry" does not exist
#         want: pending|1|00:00:01|
not ok 5 - the retry row keeps the handler error
# Failed test 5: "the retry row keeps the handler error"
#         have: error 42P01: relation "public.line_oa_inbound_retry" does not exist
#         want: true
not ok 6 - queueing the failed event writes exactly one group_event_retry_queued audit entry
# Failed test 6: "queueing the failed event writes exactly one group_event_retry_queued audit entry"
#         have: 0
#         want: 1
ok 7 - control: the failed handler left no partial side effect (no bind prompt queued)
off
INSERT 0 1
INSERT 0 1
not ok 8 - a redelivery of a queued event is a duplicate: the handler does not run and the queued row is unchanged
# Failed test 8: "a redelivery of a queued event is a duplicate: the handler does not run and the queued row is unchanged"
#         have: {"state": "error 42P01: relation \"public.line_oa_inbound_retry\" does not exist", "result": {"ok": true, "value": {"reason": "accepted", "accepted": true, "events_skipped": 0, "events_duplicate": 1, "events_processed": 0}}, "prompts": 0, "handler_runs": 0}
#         want: {"state": "pending|1|00:00:01|", "result": {"ok": true, "value": {"reason": "accepted", "accepted": true, "events_skipped": 0, "events_duplicate": 1, "events_processed": 0}}, "prompts": 0, "handler_runs": 0}
C-P009-G1
error 42P01: relation "public.line_oa_inbound_retry" does not exist
INSERT 0 1
not ok 9 - the sweep (as service_role) claims the due row and reschedules it after another failure
# Failed test 9: "the sweep (as service_role) claims the due row and reschedules it after another failure"
#         have: {"ok": false, "error": "function public.rpc_line_inbound_retry_sweep(integer) does not exist", "sqlstate": "42883"}
#         want: {"ok": true, "value": {"claimed": 1, "succeeded": 0, "rescheduled": 1, "dead_lettered": 0}}
not ok 10 - a second failure leaves the row pending at attempt 2 with a 2 s backoff and the new error
# Failed test 10: "a second failure leaves the row pending at attempt 2 with a 2 s backoff and the new error"
#         have: error 42P01: relation "public.line_oa_inbound_retry" does not exist error 42P01: relation "public.line_oa_inbound_retry" does not exist
#         want: pending|2|00:00:02| true
not ok 11 - a failed retry writes no inbound row and no handler side effect
# Failed test 11: "a failed retry writes no inbound row and no handler side effect"
INSERT 0 1
not ok 12 - a sweep claims nothing while the only pending row is not yet due
# Failed test 12: "a sweep claims nothing while the only pending row is not yet due"
#         have: {"ok": false, "error": "function public.rpc_line_inbound_retry_sweep(integer) does not exist", "sqlstate": "42883"}
#         want: {"ok": true, "value": {"claimed": 0, "succeeded": 0, "rescheduled": 0, "dead_lettered": 0}}
off
error 42P01: relation "public.line_oa_inbound_retry" does not exist
INSERT 0 1
not ok 13 - the sweep succeeds once the handler stops failing
# Failed test 13: "the sweep succeeds once the handler stops failing"
#         have: {"ok": false, "error": "function public.rpc_line_inbound_retry_sweep(integer) does not exist", "sqlstate": "42883"}
#         want: {"ok": true, "value": {"claimed": 1, "succeeded": 1, "rescheduled": 0, "dead_lettered": 0}}
not ok 14 - the retry row is succeeded with the handler result and no next attempt
# Failed test 14: "the retry row is succeeded with the handler result and no next attempt"
#         have: error 42P01: relation "public.line_oa_inbound_retry" does not exist
#         want: succeeded|2|null|join_prompted
not ok 15 - the successful retry writes the group inbound row with the full event payload
# Failed test 15: "the successful retry writes the group inbound row with the full event payload"
not ok 16 - the successful retry runs the handler side effect exactly once (one bind prompt)
# Failed test 16: "the successful retry runs the handler side effect exactly once (one bind prompt)"
#         have: 0
#         want: 1
not ok 17 - the successful retry writes exactly one group_event audit entry in the ingest format
# Failed test 17: "the successful retry writes exactly one group_event audit entry in the ingest format"
#         have: 0
#         want: 1
not ok 18 - the payload copy in the retry row is cleared after success (the inbound row keeps it)
# Failed test 18: "the payload copy in the retry row is cleared after success (the inbound row keeps it)"
#         have: error 42P01: relation "public.line_oa_inbound_retry" does not exist
#         want: {}
not ok 19 - the earlier handler error is cleared after success
# Failed test 19: "the earlier handler error is cleared after success"
#         have: error 42P01: relation "public.line_oa_inbound_retry" does not exist
#         want: <null>
INSERT 0 1
not ok 20 - a redelivery after the successful retry is a duplicate with no second side effect
# Failed test 20: "a redelivery after the successful retry is a duplicate with no second side effect"
C-P009-G2
INSERT 0 1
CREATE TABLE
error 42P01: relation "public.line_oa_inbound_retry" does not exist
INSERT 0 1
UPDATE 1
error 42P01: relation "public.line_oa_inbound_retry" does not exist
INSERT 0 1
UPDATE 1
error 42P01: relation "public.line_oa_inbound_retry" does not exist
INSERT 0 1
UPDATE 1
error 42P01: relation "public.line_oa_inbound_retry" does not exist
INSERT 0 1
UPDATE 1
not ok 21 - attempts 2-4 back off 2 s, 4 s, 8 s and attempt 5 is dead-lettered
# Failed test 21: "attempts 2-4 back off 2 s, 4 s, 8 s and attempt 5 is dead-lettered"
#         have: 2=x/x error 42P01: relation "public.line_oa_inbound_retry" does not exist; 3=x/x error 42P01: relation "public.line_oa_inbound_retry" does not exist; 4=x/x error 42P01: relation "public.line_oa_inbound_retry" does not exist; 5=x/x error 42P01: relation "public.line_oa_inbound_retry" does not exist
#         want: 2=1/0 pending|2|00:00:02|; 3=1/0 pending|3|00:00:04|; 4=1/0 pending|4|00:00:08|; 5=0/1 dead_letter|5|null|
not ok 22 - dead-lettering writes exactly one group_event_dead_letter audit entry (reason retry_bound) and keeps the last error
# Failed test 22: "dead-lettering writes exactly one group_event_dead_letter audit entry (reason retry_bound) and keeps the last error"
#         have: 0 error 42P01: relation "public.line_oa_inbound_retry" does not exist
#         want: 1 true
not ok 23 - a dead-lettered row keeps its payload for human handling
# Failed test 23: "a dead-lettered row keeps its payload for human handling"
#         have: error 42P01: relation "public.line_oa_inbound_retry" does not exist
#         want: C-P009-G2
error 42P01: relation "public.line_oa_inbound_retry" does not exist
INSERT 0 1
not ok 24 - a dead-lettered row is never claimed again
# Failed test 24: "a dead-lettered row is never claimed again"
#         have: {"state": "error 42P01: relation \"public.line_oa_inbound_retry\" does not exist", "sweep": {"ok": false, "error": "function public.rpc_line_inbound_retry_sweep(integer) does not exist", "sqlstate": "42883"}}
#         want: {"state": "dead_letter|5|null|", "sweep": {"ok": true, "value": {"claimed": 0, "succeeded": 0, "rescheduled": 0, "dead_lettered": 0}}}
not ok 25 - a dead-lettered event was never counted as processed and left no inbound row or side effect
# Failed test 25: "a dead-lettered event was never counted as processed and left no inbound row or side effect"
off
INSERT 0 1
INSERT 0 1
not ok 26 - a skip-list result on retry stores no inbound row or audit and clears the payload
# Failed test 26: "a skip-list result on retry stores no inbound row or audit and clears the payload"
#         have: {"audit": false, "state": "error 42P01: relation \"public.line_oa_inbound_retry\" does not exist", "sweep": {"ok": false, "error": "function public.rpc_line_inbound_retry_sweep(integer) does not exist", "sqlstate": "42883"}, "inbound": false, "payload": "error 42P01: relation \"public.line_oa_inbound_retry\" does not exist"}
#         want: {"audit": false, "state": "succeeded|1|null|plain_unbound_ignored", "sweep": {"ok": true, "value": {"claimed": 1, "succeeded": 1, "rescheduled": 0, "dead_lettered": 0}}, "inbound": false, "payload": "{}"}
C-P009-G4
INSERT 0 1
INSERT 0 0
off
error 42P01: relation "public.line_oa_inbound_retry" does not exist
INSERT 0 1
INSERT 0 1
not ok 27 - a queued event that another delivery already ingested is closed without running the handler
# Failed test 27: "a queued event that another delivery already ingested is closed without running the handler"
#         have: {"state": "error 42P01: relation \"public.line_oa_inbound_retry\" does not exist", "sweep": {"ok": false, "error": "function public.rpc_line_inbound_retry_sweep(integer) does not exist", "sqlstate": "42883"}, "payload": "error 42P01: relation \"public.line_oa_inbound_retry\" does not exist", "prompts": 0, "handler_runs": 0}
#         want: {"state": "succeeded|1|null|already_ingested", "sweep": {"ok": true, "value": {"claimed": 1, "succeeded": 1, "rescheduled": 0, "dead_lettered": 0}}, "payload": "{}", "prompts": 0, "handler_runs": 0}
C-P009-G5
INSERT 0 1
off
p009-evt-join-5
error 42P01: relation "public.line_oa_inbound_retry" does not exist
INSERT 0 1

not ok 28 - a concurrent inbound insert during a retry rolls back the handler side effect and closes the row
# Failed test 28: "a concurrent inbound insert during a retry rolls back the handler side effect and closes the row"
#         have: {"state": "error 42P01: relation \"public.line_oa_inbound_retry\" does not exist", "sweep": {"ok": false, "error": "function public.rpc_line_inbound_retry_sweep(integer) does not exist", "sqlstate": "42883"}, "payload": "error 42P01: relation \"public.line_oa_inbound_retry\" does not exist", "prompts": 0}
#         want: {"state": "succeeded|1|null|already_ingested", "sweep": {"ok": true, "value": {"claimed": 1, "succeeded": 1, "rescheduled": 0, "dead_lettered": 0}}, "payload": "{}", "prompts": 0}
INSERT 0 1
not ok 29 - an ignored plain chat is skipped as before and never queued
# Failed test 29: "an ignored plain chat is skipped as before and never queued"
#         have: {"queued": "error 42P01: relation \"public.line_oa_inbound_retry\" does not exist", "result": {"ok": true, "value": {"reason": "accepted", "accepted": true, "events_skipped": 1, "events_duplicate": 0, "events_processed": 0}}}
#         want: {"queued": "0", "result": {"ok": true, "value": {"reason": "accepted", "accepted": true, "events_skipped": 1, "events_duplicate": 0, "events_processed": 0}}}
C-P009-G7
INSERT 0 1
off
not ok 30 - in a two-event delivery the failed event is queued and the following event is still processed
# Failed test 30: "in a two-event delivery the failed event is queued and the following event is still processed"
#         have: {"failed": "error 42P01: relation \"public.line_oa_inbound_retry\" does not exist", "result": {"ok": true, "value": {"reason": "accepted", "accepted": true, "events_skipped": 0, "events_duplicate": 0, "events_processed": 2}}, "next_queued": "error 42P01: relation \"public.line_oa_inbound_retry\" does not exist", "next_inbound": true, "next_prompts": 1}
#         want: {"failed": "pending|1|00:00:01|", "result": {"ok": true, "value": {"reason": "accepted", "accepted": true, "events_skipped": 0, "events_duplicate": 0, "events_processed": 1}}, "next_queued": "0", "next_inbound": true, "next_prompts": 1}
C-P009-G9
INSERT 0 1
off
error 42P01: relation "public.line_oa_inbound_retry" does not exist
error 42P01: relation "public.line_oa_inbound_retry" does not exist
INSERT 0 1
INSERT 0 1
not ok 31 - a row older than 10 minutes is dead-lettered as expired without running the handler
# Failed test 31: "a row older than 10 minutes is dead-lettered as expired without running the handler"
#         have: {"audit": "0", "error": "error 42P01: relation \"public.line_oa_inbound_retry\" does not exist", "state": "error 42P01: relation \"public.line_oa_inbound_retry\" does not exist", "sweep": {"ok": false, "error": "function public.rpc_line_inbound_retry_sweep(integer) does not exist", "sqlstate": "42883"}, "prompts": 0, "handler_runs": 0}
#         want: {"audit": "1", "error": "expired: queued for more than 10 minutes", "state": "dead_letter|1|null|", "sweep": {"ok": true, "value": {"claimed": 1, "succeeded": 0, "rescheduled": 0, "dead_lettered": 1}}, "prompts": 0, "handler_runs": 0}
all
INSERT 0 1
INSERT 0 1
off
error 42P01: relation "public.line_oa_inbound_retry" does not exist
error 42P01: relation "public.line_oa_inbound_retry" does not exist
p009-evt-join-11
INSERT 0 1

not ok 32 - an uncaught error fails only its own row (rescheduled, side effect rolled back) and the batch still commits
# Failed test 32: "an uncaught error fails only its own row (rescheduled, side effect rolled back) and the batch still commits"
#         have: {"sweep": {"ok": false, "error": "function public.rpc_line_inbound_retry_sweep(integer) does not exist", "sqlstate": "42883"}, "poison": "error 42P01: relation \"public.line_oa_inbound_retry\" does not exist", "healthy": "error 42P01: relation \"public.line_oa_inbound_retry\" does not exist", "poison_error": "error 42P01: relation \"public.line_oa_inbound_retry\" does not exist", "poison_prompts": 0}
#         want: {"sweep": {"ok": true, "value": {"claimed": 2, "succeeded": 1, "rescheduled": 1, "dead_lettered": 0}}, "poison": "pending|2|00:00:02|", "healthy": "succeeded|1|null|join_prompted", "poison_error": "true", "poison_prompts": 0}
C-P009-G12
INSERT 0 1
off
error 42P01: relation "public.line_oa_inbound_retry" does not exist
INSERT 0 1
Asia/Bangkok
INSERT 0 1
UTC
not ok 33 - a retry swept in an Asia/Bangkok session stores received_at = now(), not a shifted wall time
# Failed test 33: "a retry swept in an Asia/Bangkok session stores received_at = now(), not a shifted wall time"
#         have: {"sweep": {"ok": false, "error": "function public.rpc_line_inbound_retry_sweep(integer) does not exist", "sqlstate": "42883"}, "received_at_is_now": true}
#         want: {"sweep": {"ok": true, "value": {"claimed": 1, "succeeded": 1, "rescheduled": 0, "dead_lettered": 0}}, "received_at_is_now": true}
all
INSERT 0 1
INSERT 0 1
INSERT 0 1
off
error 42P01: relation "public.line_oa_inbound_retry" does not exist
error 42P01: relation "public.line_oa_inbound_retry" does not exist
error 42P01: relation "public.line_oa_inbound_retry" does not exist
INSERT 0 1
not ok 34 - sweep(2) claims exactly the two earliest due rows
# Failed test 34: "sweep(2) claims exactly the two earliest due rows"
#         have: {"g13": "error 42P01: relation \"public.line_oa_inbound_retry\" does not exist", "g14": "error 42P01: relation \"public.line_oa_inbound_retry\" does not exist", "g15": "error 42P01: relation \"public.line_oa_inbound_retry\" does not exist", "sweep": {"ok": false, "error": "function public.rpc_line_inbound_retry_sweep(integer) does not exist", "sqlstate": "42883"}}
#         want: {"g13": "succeeded", "g14": "pending", "g15": "succeeded", "sweep": {"ok": true, "value": {"claimed": 2, "succeeded": 2, "rescheduled": 0, "dead_lettered": 0}}}
INSERT 0 1
INSERT 0 1
not ok 35 - only service_role can EXECUTE the sweep; anon is refused at the function ACL
# Failed test 35: "only service_role can EXECUTE the sweep; anon is refused at the function ACL"
#         have: <missing> 42883 function public.rpc_line_inbound_retry_sweep(integer) does not exist
#         want: f/f/t 42501 permission denied for function rpc_line_inbound_retry_sweep
not ok 36 - PUBLIC holds no EXECUTE on the sweep
# Failed test 36: "PUBLIC holds no EXECUTE on the sweep"
not ok 37 - the sweep rejects a batch limit outside 1..100
# Failed test 37: "the sweep rejects a batch limit outside 1..100"
#         have: ["42883", "42883"]
#         want: ["22023", "22023"]
not ok 38 - the retry table has RLS on; no role can write, maintain or alter it; only service_role reads
# Failed test 38: "the retry table has RLS on; no role can write, maintain or alter it; only service_role reads"
#         have: <missing>
#         want: anon:fffffffff|authenticated:fffffffff|service_role:fffffffft rls=true
ok 39 - control: rpc_ingest_line_webhook keeps the 0199 service-only EXECUTE
ok 40 - control: fn_line_handle_group_event stays internal (0199)
ok 41 - control: no cron job schedules the retry sweep (activation is a separate decision)
CREATE FUNCTION
SAVEPOINT
CREATE ROLE
GRANT ROLE
DO
SAVEPOINT
CREATE TABLE
CREATE INDEX
ALTER TABLE
REVOKE
DO
CREATE FUNCTION
COMMENT
CREATE FUNCTION
COMMENT
REVOKE
DO
DO
ROLLBACK
RELEASE
not ok 42 - case A precondition: anon holds EXECUTE on the sweep only through role membership
# Failed test 42: "case A precondition: anon holds EXECUTE on the sweep only through role membership"
not ok 43 - case A: the migration raises 42501 "P0-9: privileges differ from target" naming anon:execute
# Failed test 43: "case A: the migration raises 42501 "P0-9: privileges differ from target" naming anon:execute"
not ok 44 - case A: after the error the function ACLs, the table ACL and memberships are exactly as before
# Failed test 44: "case A: after the error the function ACLs, the table ACL and memberships are exactly as before"
#         have: rpc_ingest_line_webhook(text,text,text)={postgres=X/postgres,service_role=X/postgres}
# rpc_line_inbound_retry_sweep(integer)={postgres=X/postgres,service_role=X/postgres}
# {postgres=arwdDxtm/postgres,service_role=r/postgres}
# pg_monitor>pg_read_all_settings
# pg_monitor>pg_read_all_stats
# pg_monitor>pg_stat_scan_tables
# supabase_etl_admin>pg_read_all_data
# supabase_read_only_user>pg_read_all_data
# authenticator>anon
# authenticator>authenticated
# authenticator>service_role
# supabase_storage_admin>authenticator
# postgres>anon
# postgres>authenticated
# postgres>service_role
# postgres>authenticator
# postgres>pg_monitor
# postgres>pg_read_all_data
# postgres>pg_signal_backend
# supabase_etl_admin>pg_monitor
# supabase_read_only_user>pg_monitor
# postgres>pg_create_subscription
# postgres>supabase_privileged_role
# supabase_etl_admin>supabase_privileged_role
# postgres>monolith_p2_workload
# postgres>p009_fc_exec
# anon>p009_fc_exec
#         want: rpc_ingest_line_webhook(text,text,text)={postgres=X/postgres,service_role=X/postgres}
# pg_monitor>pg_read_all_settings
# pg_monitor>pg_read_all_stats
# pg_monitor>pg_stat_scan_tables
# supabase_etl_admin>pg_read_all_data
# supabase_read_only_user>pg_read_all_data
# authenticator>anon
# authenticator>authenticated
# authenticator>service_role
# supabase_storage_admin>authenticator
# postgres>anon
# postgres>authenticated
# postgres>service_role
# postgres>authenticator
# postgres>pg_monitor
# postgres>pg_read_all_data
# postgres>pg_signal_backend
# supabase_etl_admin>pg_monitor
# supabase_read_only_user>pg_monitor
# postgres>pg_create_subscription
# postgres>supabase_privileged_role
# supabase_etl_admin>supabase_privileged_role
# postgres>monolith_p2_workload
# postgres>p009_fc_exec
# anon>p009_fc_exec
SAVEPOINT
CREATE ROLE
GRANT ROLE
DO
SAVEPOINT
CREATE TABLE
CREATE INDEX
ALTER TABLE
REVOKE
DO
CREATE FUNCTION
COMMENT
CREATE FUNCTION
COMMENT
REVOKE
DO
DO
ROLLBACK
RELEASE
not ok 45 - case B precondition: authenticated holds INSERT on the retry table only through role membership
# Failed test 45: "case B precondition: authenticated holds INSERT on the retry table only through role membership"
not ok 46 - case B: the migration raises 42501 naming authenticated:insert line_oa_inbound_retry
# Failed test 46: "case B: the migration raises 42501 naming authenticated:insert line_oa_inbound_retry"
not ok 47 - case B: after the error the function ACLs, the table ACL and memberships are exactly as before
# Failed test 47: "case B: after the error the function ACLs, the table ACL and memberships are exactly as before"
#         have: rpc_ingest_line_webhook(text,text,text)={postgres=X/postgres,service_role=X/postgres}
# rpc_line_inbound_retry_sweep(integer)={postgres=X/postgres,service_role=X/postgres}
# {postgres=arwdDxtm/postgres,service_role=r/postgres}
# pg_monitor>pg_read_all_settings
# pg_monitor>pg_read_all_stats
# pg_monitor>pg_stat_scan_tables
# supabase_etl_admin>pg_read_all_data
# supabase_read_only_user>pg_read_all_data
# authenticator>anon
# authenticator>authenticated
# authenticator>service_role
# supabase_storage_admin>authenticator
# postgres>anon
# postgres>authenticated
# postgres>service_role
# postgres>authenticator
# postgres>pg_monitor
# postgres>pg_read_all_data
# postgres>pg_signal_backend
# supabase_etl_admin>pg_monitor
# supabase_read_only_user>pg_monitor
# postgres>pg_create_subscription
# postgres>supabase_privileged_role
# supabase_etl_admin>supabase_privileged_role
# postgres>monolith_p2_workload
# postgres>p009_fc_writer
# authenticated>p009_fc_writer
#         want: rpc_ingest_line_webhook(text,text,text)={postgres=X/postgres,service_role=X/postgres}
# pg_monitor>pg_read_all_settings
# pg_monitor>pg_read_all_stats
# pg_monitor>pg_stat_scan_tables
# supabase_etl_admin>pg_read_all_data
# supabase_read_only_user>pg_read_all_data
# authenticator>anon
# authenticator>authenticated
# authenticator>service_role
# supabase_storage_admin>authenticator
# postgres>anon
# postgres>authenticated
# postgres>service_role
# postgres>authenticator
# postgres>pg_monitor
# postgres>pg_read_all_data
# postgres>pg_signal_backend
# supabase_etl_admin>pg_monitor
# supabase_read_only_user>pg_monitor
# postgres>pg_create_subscription
# postgres>supabase_privileged_role
# supabase_etl_admin>supabase_privileged_role
# postgres>monolith_p2_workload
# postgres>p009_fc_writer
# authenticated>p009_fc_writer
SAVEPOINT
SAVEPOINT
CREATE TABLE
CREATE INDEX
ALTER TABLE
REVOKE
DO
CREATE FUNCTION
COMMENT
CREATE FUNCTION
COMMENT
REVOKE
DO
DO
ROLLBACK
RELEASE
ok 48 - case C: with no leaked privilege the migration re-runs to completion (SQLSTATE 00000)
# Looks like you failed 43 tests of 48
ROLLBACK
