BEGIN
SET
ALTER TABLE
COMMENT
COMMENT
COMMENT
CREATE FUNCTION
COMMENT
REVOKE
DO
CREATE FUNCTION
COMMENT
REVOKE
DO
SET
SET
ALTER TABLE
COMMENT
COMMENT
COMMENT
DROP FUNCTION
CREATE FUNCTION
COMMENT
REVOKE
DO
DROP FUNCTION
CREATE FUNCTION
COMMENT
REVOKE
DO
SET
SET
CREATE FUNCTION
COMMENT
SET
SET
CREATE FUNCTION
COMMENT
SET
CREATE EXTENSION
1..70
CREATE FUNCTION
CREATE FUNCTION
CREATE FUNCTION
CREATE FUNCTION
CREATE FUNCTION
CREATE FUNCTION
CREATE FUNCTION
CREATE FUNCTION
CREATE FUNCTION
CREATE TABLE
ok 1 - outbound messages have nullable claimed_at
ok 2 - outbound messages have nullable claimed_by
ok 3 - outbound messages have attempt_count
ok 4 - claimed_at is nullable
ok 5 - claimed_by is nullable
ok 6 - attempt_count is NOT NULL
ok 7 - attempt_count defaults to zero
ok 8 - outbound messages have nullable next_attempt_at
ok 9 - next_attempt_at is nullable
ok 10 - next_attempt_at defaults to NULL
ok 11 - outbound messages have nullable claim_token
ok 12 - claim_token is nullable
ok 13 - claim_token defaults to NULL
ok 14 - claim RPC has the required (int, int) signature
ok 15 - claim RPC is SECURITY DEFINER
ok 16 - only claim timeout has a default
ok 17 - service_role can execute claim RPC
ok 18 - authenticated cannot execute claim RPC
ok 19 - anon cannot execute claim RPC
ok 20 - PUBLIC cannot execute claim RPC
ok 21 - record-result RPC remains SECURITY DEFINER
ok 22 - service_role can execute record-result RPC
ok 23 - authenticated retains record-result EXECUTE for the guarded human path
ok 24 - anon and PUBLIC cannot execute record-result RPC
INSERT 0 1
ok 25 - claim RPC rejects NULL and non-positive batch limits
INSERT 0 1
ok 26 - claim RPC rejects NULL and non-positive lease timeouts
INSERT 0 1
INSERT 0 1
INSERT 0 1
ok 27 - first service claim returns the pending row exactly once
ok 28 - claim result returns every column the sender needs
ok 29 - claim stamps claimed_at and resolve_actor() as claimed_by
INSERT 0 1
ok 30 - second claim in the same session returns zero while the first claim is live
INSERT 0 1
ok 31 - an expired claim is reclaimable and receives fresh claim ownership
INSERT 0 2
INSERT 0 1
ok 32 - sent and failed rows are never claimed
INSERT 0 1
INSERT 0 1
INSERT 0 1
ok 33 - group outbound rows participate in the atomic claim RPC
INSERT 0 1
ok 34 - service role with absent JWT claims records a group send successfully
ok 35 - successful recording sends once and clears both claim fields
ok 36 - group result audit uses line_groups vertical, NULL site, and system sender actor
INSERT 0 1
ok 37 - already-sent row returns recorded=false
ok 38 - duplicate result cannot flip status or write a second audit row
INSERT 0 1
INSERT 0 1
ok 39 - service context records an unbound-group prompt row
ok 40 - unbound group audit uses the 0097 monolith fallback and NULL site
INSERT 0 1
INSERT 0 1
ok 41 - authenticated user without governance role or site access is still denied
ok 42 - denied user call changes no state and writes no audit
INSERT 0 2
INSERT 0 1
ok 43 - authenticated caller cannot forge service_role through request JWT claims
INSERT 0 1
ok 44 - NULL result status is rejected without state or audit change
INSERT 0 1
INSERT 0 1
ok 45 - retry fixture is claimed before its first delivery attempt
INSERT 0 1
ok 46 - first transient failure is recorded but returned to pending
ok 47 - transient failure increments attempt_count, clears claim, and stores error detail
ok 48 - first transient failure writes one result audit
INSERT 0 4
ok 49 - fifth failure is recorded as terminal failed
ok 50 - terminal failure keeps attempt_count=5, no sent timestamp, and the last scrubbed error
ok 51 - each of five recorded failures writes exactly one audit row
INSERT 0 1
ok 52 - terminal failed row rejects failed-to-sent flip without state or audit change
INSERT 0 1
INSERT 0 1
ok 53 - claim excludes pending rows whose next_attempt_at is in the future
INSERT 0 1
ok 54 - claim includes pending rows once next_attempt_at is due
INSERT 0 1
INSERT 0 1
ok 55 - explicit transient failure returns to pending below the five-attempt bound
ok 56 - first transient failure schedules the notification-style one-second backoff
INSERT 0 1
ok 57 - a transiently failed row cannot be reclaimed before its backoff is due
t
INSERT 0 1
INSERT 0 1
ok 58 - second transient failure doubles backoff to two seconds
INSERT 0 1
INSERT 0 1
ok 59 - permanent failure is terminal immediately regardless of remaining attempts
ok 60 - permanent failure has no retry due-time and writes exactly one audit
INSERT 0 1
INSERT 0 1
ok 61 - unsupported failure class is rejected without state or audit change
INSERT 0 1
INSERT 0 1
INSERT 0 1
ok 62 - reclaim replaces the stale claim token and returns the fresh stored token
INSERT 0 1
ok 63 - stale claim token returns recorded=false
ok 64 - stale claim token changes no state and writes no audit
INSERT 0 1
ok 65 - matching claim token records the result and clears claim ownership
INSERT 0 1
INSERT 0 1
ok 66 - null-token legacy call still works when the row has no claim token
INSERT 0 1
INSERT 0 1
INSERT 0 1
INSERT 0 1
ok 67 - a non-null stale token cannot replay after a transient result clears the fence
SET
INSERT 0 1
INSERT 0 1
INSERT 0 1
ok 68 - non-UTC session cannot immediately reclaim a just-failed transient row
t
INSERT 0 1
ok 69 - non-UTC session can reclaim the transient row after backoff elapses
INSERT 0 1
INSERT 0 1
ok 70 - non-UTC successful send stamps sent_at within five seconds of now()
ROLLBACK
